
> catat-in-v2@0.0.0 build
> tsc -b && vite build

src/components/dashboard/DashboardOnboardingModal.tsx(11,41): error TS2307: Cannot find module 'framer-motion' or its corresponding type declarations.
src/components/dashboard/DashboardOnboardingModal.tsx(12,32): error TS2307: Cannot find module '@lottiefiles/dotlottie-react' or its corresponding type declarations.
src/components/dashboard/DayStreakWidget.tsx(3,32): error TS2307: Cannot find module '@lottiefiles/dotlottie-react' or its corresponding type declarations.
src/components/dashboard/DayStreakWidget.tsx(107,36): error TS7006: Parameter 'instance' implicitly has an 'any' type.
src/components/landing-page/FinalCtaSection.tsx(3,24): error TS2307: Cannot find module 'framer-motion' or its corresponding type declarations.
src/components/landing-page/Hero.tsx(5,66): error TS2307: Cannot find module 'framer-motion' or its corresponding type declarations.
src/components/landing-page/HowItWorksSection.tsx(6,60): error TS2307: Cannot find module 'framer-motion' or its corresponding type declarations.
src/main.tsx(10,27): error TS2307: Cannot find module '@vercel/analytics/react' or its corresponding type declarations.
src/pages/Dashboard.tsx(33,63): error TS7006: Parameter 'state' implicitly has an 'any' type.
src/pages/Dashboard.tsx(34,52): error TS7006: Parameter 'state' implicitly has an 'any' type.
src/pages/Dashboard.tsx(35,59): error TS7006: Parameter 'state' implicitly has an 'any' type.
src/pages/LoginPage.tsx(14,32): error TS2307: Cannot find module '@lottiefiles/dotlottie-react' or its corresponding type declarations.
src/pages/MaterialDetailPage.tsx(261,46): error TS7006: Parameter 'state' implicitly has an 'any' type.
src/pages/MaterialDetailPage.tsx(262,47): error TS7006: Parameter 'state' implicitly has an 'any' type.
src/pages/ProgressPage.tsx(14,32): error TS2307: Cannot find module '@lottiefiles/dotlottie-react' or its corresponding type declarations.
src/pages/ProgressPage.tsx(144,42): error TS7006: Parameter 'instance' implicitly has an 'any' type.
src/stores/useDashboardOnboardingStore.ts(1,24): error TS2307: Cannot find module 'zustand' or its corresponding type declarations.
src/stores/useDashboardOnboardingStore.ts(2,25): error TS2307: Cannot find module 'zustand/middleware' or its corresponding type declarations.
src/stores/useDashboardOnboardingStore.ts(13,6): error TS7006: Parameter 'set' implicitly has an 'any' type.
src/stores/useDashboardOnboardingStore.ts(17,24): error TS7006: Parameter 'hasHydrated' implicitly has an 'any' type.
src/stores/useDashboardOnboardingStore.ts(21,20): error TS7006: Parameter 'state' implicitly has an 'any' type.
src/stores/useDashboardOnboardingStore.ts(24,34): error TS7006: Parameter 'state' implicitly has an 'any' type.
src/stores/useUiStore.ts(1,24): error TS2307: Cannot find module 'zustand' or its corresponding type declarations.
src/stores/useUiStore.ts(2,25): error TS2307: Cannot find module 'zustand/middleware' or its corresponding type declarations.
src/stores/useUiStore.ts(11,6): error TS7006: Parameter 'set' implicitly has an 'any' type.
src/stores/useUiStore.ts(17,20): error TS7006: Parameter 'state' implicitly has an 'any' type.
